// Vitest Snapshot v1

exports[`vue/VueTsButton > renders correctly - basic 1`] = `
<button
  data-v-63ebdaf2=""
>
  Test
</button>
`;
