// Vitest Snapshot v1

exports[`components/AppLoader > renders correctly - basic 1`] = `
<div>
  Loading...
</div>
`;
