// Jest Snapshot v1, https://goo.gl/fbAQLP

exports[`react/Message renders correctly - basic 1`] = `
<div>
  <p>
    <img
      alt="test"
      src="file"
    />
    <img
      alt="test"
      src="file"
    />
    Test
  </p>
</div>
`;
