// Jest Snapshot v1, https://goo.gl/fbAQLP

exports[`svelte/Loader renders correctly - basic 1`] = `
<div>
  <div>
    {"LABEL_TEST":"Test"}
  </div>
</div>
`;
