// Jest Snapshot v1, https://goo.gl/fbAQLP

exports[`vue/Loader renders correctly - basic 1`] = `
<div>
  Loading...
</div>
`;
