// Vitest Snapshot v1

exports[`react/JsButton > renders correctly - basic 1`] = `
<button
  type="button"
>
  Test
</button>
`;
