// Vitest Snapshot v1

exports[`svelte/SvelteTsButton > renders correctly - basic 1`] = `
<div>
  <button
    class="s-IFZIjLgJOD5U"
  >
    Hello
  </button>
  <!--&lt;SvelteJsButton&gt;-->
</div>
`;
