// Jest Snapshot v1, https://goo.gl/fbAQLP

exports[`svelte/SvelteTsButton renders correctly - basic 1`] = `
<div>
  <button
    class="svelte-1s0j9nk"
  >
    Hello
  </button>
</div>
`;
