// Vitest Snapshot v1

exports[`vue/VueTsButton > renders correctly - basic 1`] = `
<button>
  Test
</button>
`;
