// Jest Snapshot v1, https://goo.gl/fbAQLP

exports[`vue/VueTsButton renders correctly - basic 1`] = `
<button>
  Test
</button>
`;
