// Vitest Snapshot v1

exports[`routes/v1/getMessage > correctly handles request 1`] = `
{
  "body": undefined,
  "response": {
    "200": {
      "properties": {
        "message": {
          "type": "string",
        },
      },
      "type": "object",
    },
  },
}
`;
