// Vitest Snapshot v1

exports[`react/HomeJS > renders correctly - basic 1`] = `
<p>
  <img
    alt="test"
    src="/src/images/test.jpg"
  />
  <img
    alt="test"
    src="/src/images/test.svg"
  />
  LABEL_TEST
</p>
`;
