// Vitest Snapshot v1

exports[`pages/HomePage > renders correctly - basic 1`] = `
<p>
  <img
    alt="test"
    src="/src/images/test.jpg"
  />
  <img
    alt="test"
    src="/src/images/test.svg"
  />
  <a>
    Test
  </a>
</p>
`;
