// Vitest Snapshot v1

exports[`pages/HomePage > renders correctly - basic 1`] = `
<p
  data-v-4ddc690e=""
>
  <img
    alt="test"
    data-v-4ddc690e=""
    src="/src/images/test.jpg"
  />
  <img
    alt="test"
    data-v-4ddc690e=""
    src="/src/images/test.svg"
  />
  <a
    data-v-4ddc690e=""
  >
    Test
  </a>
</p>
`;
