// Jest Snapshot v1, https://goo.gl/fbAQLP

exports[`vue/RouterJs renders correctly - loading page 1`] = `<!--v-if-->`;

exports[`vue/RouterJs renders correctly - page found 1`] = `<!--v-if-->`;

exports[`vue/RouterJs renders correctly - page not found 1`] = `<!--v-if-->`;
